---
source: assembly/src/tests.rs
expression: program
---
begin
    basic_block push(21) noop noop noop noop noop noop noop noop end
end
