---
source: assembly/src/tests.rs
expression: program
---
begin
    dyn
end
