---
source: assembly/src/tests.rs
expression: program
---
begin
    basic_block emit(652777600) assert(0) noop noop noop noop noop noop noop end
end
