---
source: assembly/src/tests.rs
expression: program
---
begin
    basic_block pad incr push(2) add noop noop noop noop noop end
end
