---
source: assembly/src/tests.rs
expression: program
---
begin
    basic_block
        push(3846236276142386450)
        push(5034591595140902852)
        push(4565868838168209231)
        push(6740431856120851931)
        push(574478993)
        emit
        drop
        assert(0)
    end
end
