---
source: assembly/src/tests.rs
expression: program
---
begin
    basic_block push(7) noop noop noop noop noop noop noop noop end
end
