---
source: assembly/src/tests.rs
expression: program
---
begin
    basic_block push(21) push(64) push(44) push(72) noop noop noop noop end
end
