---
source: assembly/src/tests.rs
expression: program
---
begin
    basic_block
        push(2)
        push(2)
        push(2)
        push(2)
        push(2147483650)
        emit
        drop
        assert(0)
        noop
        noop
    end
end
