---
source: assembly/src/tests.rs
expression: program
---
begin
    basic_block push(2) end
end
