---
source: assembly/src/tests.rs
expression: program
---
begin
    basic_block
        mpverify(0)
        mpverify(13948122101519563734)
        mpverify(17575088163785490049)
        noop
        noop
        noop
        noop
        noop
        noop
    end
end
