---
source: core/src/mast/node/basic_block_node/tests.rs
expression: batches
---
[
    OpBatch {
        ops: [
            Add,
            Mul,
        ],
        indptr: [
            0,
            2,
            0,
            0,
            0,
            0,
            0,
            0,
            0,
        ],
        padding: [
            false,
            false,
            false,
            false,
            false,
            false,
            false,
            false,
        ],
        groups: [
            4514,
            0,
            0,
            0,
            0,
            0,
            0,
            0,
        ],
        num_groups: 1,
    },
]
