---
source: core/src/mast/node/basic_block_node/tests.rs
expression: "build_group_chunks(&batches).collect::<Vec<_>>()"
---
[
    [
        Add,
        Mul,
        Push(
            1,
        ),
        Push(
            2,
        ),
        Push(
            3,
        ),
        Push(
            4,
        ),
        Push(
            5,
        ),
        Add,
        Mul,
    ],
    [],
    [],
    [],
    [],
    [],
    [
        Add,
        Mul,
        Add,
        Mul,
        Add,
        Mul,
        Add,
        Mul,
    ],
    [
        Noop,
    ],
    [
        Push(
            6,
        ),
        Pad,
    ],
    [],
]
