---
source: crates/assembly/src/tests.rs
expression: program
---
begin
    join
        basic_block push(2147483648) push(4294967294) mstore drop noop end
        if.true
            basic_block noop end
        else
            basic_block noop end
        end
    end
end
