---
source: crates/assembly/src/tests.rs
expression: program
---
begin
    basic_block
        push(2147483648)
        push(4294967294)
        mstore
        drop
        trace(0)
        add
        trace(1)
        mul
        noop
        trace(2)
    end
end
