---
source: assembly/src/tests.rs
expression: program
---
begin
    basic_block
        u32assert2(0)
        movup3
        movup3
        u32assert2(0)
        movup3
        movup3
        u32assert2(15491226248792286710)
        movup3
        movup3
        u32assert2(15491226248792286710)
        movup3
        movup3
        u32assert2(15491226248792286710)
        movup3
        movup3
        u32assert2(15491226248792286710)
        movup3
        movup3
    end
end
