---
source: assembly/src/tests.rs
expression: program
---
begin
    join
        basic_block push(2) push(3) noop noop end
        if.true
            basic_block noop end
        else
            basic_block add end
        end
    end
end
