---
source: crates/assembly/src/tests.rs
expression: program
---
begin
    join
        basic_block push(2147483648) push(4294967294) mstore drop noop end
        dyn
    end
end
